# Copyright (C) 2009-2012 Simon Josefsson
#
# This file is part of GNU SASL Library.
#
# GNU SASL Library is free software; you can redistribute it and/or
# modify it under the terms of the GNU Lesser General Public License
# as published by the Free Software Foundation; either version 2.1 of
# the License, or (at your option) any later version.
#
# GNU SASL Library is distributed in the hope that it will be useful,
# but WITHOUT ANY WARRANTY; without even the implied warranty of
# MERCHANTABILITY or FITNESS FOR A PARTICULAR PURPOSE.  See the GNU
# Lesser General Public License for more details.
#
# You should have received a copy of the GNU Lesser General Public
# License along with GNU SASL Library; if not, write to the Free
# Software Foundation, Inc., 51 Franklin Street, Fifth Floor, Boston,
# MA 02110-1301, USA.

LIBGSASL_1.1 {
  global:
    GSASL_VALID_MECHANISM_CHARACTERS;
    gsasl_base64_from;
    gsasl_base64_to;
    gsasl_callback;
    gsasl_callback_hook_get;
    gsasl_callback_hook_set;
    gsasl_callback_set;
    gsasl_check_version;
    gsasl_client_mechlist;
    gsasl_client_start;
    gsasl_client_suggest_mechanism;
    gsasl_client_support_p;
    gsasl_decode;
    gsasl_done;
    gsasl_encode;
    gsasl_finish;
    gsasl_free;
    gsasl_hmac_md5;
    gsasl_init;
    gsasl_md5;
    gsasl_mechanism_name;
    gsasl_nonce;
    gsasl_property_fast;
    gsasl_property_get;
    gsasl_property_set;
    gsasl_property_set_raw;
    gsasl_random;
    gsasl_register;
    gsasl_saslprep;
    gsasl_server_mechlist;
    gsasl_server_start;
    gsasl_server_support_p;
    gsasl_session_hook_get;
    gsasl_session_hook_set;
    gsasl_simple_getpass;
    gsasl_step64;
    gsasl_step;
    gsasl_strerror;
    gsasl_strerror_name;

# Old interfaces
    gsasl_appinfo_get;
    gsasl_appinfo_set;
    gsasl_application_data_get;
    gsasl_application_data_set;
    gsasl_base64_decode;
    gsasl_base64_encode;
    gsasl_client_application_data_get;
    gsasl_client_application_data_set;
    gsasl_client_callback_anonymous_get;
    gsasl_client_callback_anonymous_set;
    gsasl_client_callback_authentication_id_get;
    gsasl_client_callback_authentication_id_set;
    gsasl_client_callback_authorization_id_get;
    gsasl_client_callback_authorization_id_set;
    gsasl_client_callback_maxbuf_get;
    gsasl_client_callback_maxbuf_set;
    gsasl_client_callback_passcode_get;
    gsasl_client_callback_passcode_set;
    gsasl_client_callback_password_get;
    gsasl_client_callback_password_set;
    gsasl_client_callback_pin_get;
    gsasl_client_callback_pin_set;
    gsasl_client_callback_qop_get;
    gsasl_client_callback_qop_set;
    gsasl_client_callback_realm_get;
    gsasl_client_callback_realm_set;
    gsasl_client_callback_service_get;
    gsasl_client_callback_service_set;
    gsasl_client_ctx_get;
    gsasl_client_finish;
    gsasl_client_listmech;
    gsasl_client_step;
    gsasl_client_step_base64;
    gsasl_ctx_get;
    gsasl_decode_inline;
    gsasl_encode_inline;
    gsasl_md5pwd_get_password;
    gsasl_randomize;
    gsasl_server_application_data_get;
    gsasl_server_application_data_set;
    gsasl_server_callback_anonymous_get;
    gsasl_server_callback_anonymous_set;
    gsasl_server_callback_cipher_get;
    gsasl_server_callback_cipher_set;
    gsasl_server_callback_cram_md5_get;
    gsasl_server_callback_cram_md5_set;
    gsasl_server_callback_digest_md5_get;
    gsasl_server_callback_digest_md5_set;
    gsasl_server_callback_external_get;
    gsasl_server_callback_external_set;
    gsasl_server_callback_gssapi_get;
    gsasl_server_callback_gssapi_set;
    gsasl_server_callback_maxbuf_get;
    gsasl_server_callback_maxbuf_set;
    gsasl_server_callback_qop_get;
    gsasl_server_callback_qop_set;
    gsasl_server_callback_realm_get;
    gsasl_server_callback_realm_set;
    gsasl_server_callback_retrieve_get;
    gsasl_server_callback_retrieve_set;
    gsasl_server_callback_securid_get;
    gsasl_server_callback_securid_set;
    gsasl_server_callback_service_get;
    gsasl_server_callback_service_set;
    gsasl_server_callback_validate_get;
    gsasl_server_callback_validate_set;
    gsasl_server_ctx_get;
    gsasl_server_finish;
    gsasl_server_listmech;
    gsasl_server_step;
    gsasl_server_step_base64;
    gsasl_server_suggest_mechanism;
    gsasl_stringprep_nfkc;
    gsasl_stringprep_saslprep;
    gsasl_stringprep_trace;

  local:
    *;
};

LIBGSASL_1.4
{
  global:
    gsasl_sha1;
    gsasl_hmac_sha1;
} LIBGSASL_1.1;
